// Jest Snapshot v1, https://goo.gl/fbAQLP

exports[`Testing the default Home API Default Home API with welcome message 1`] = `
Object {
  "message": "Welcome to RandomDail, your Simple Random Phone Number Generator",
}
`;
